// Jest Snapshot v1, https://goo.gl/fbAQLP

exports[`Mini Palettes should match the snapshot 1`] = `
<div
  className="MiniPalette"
  onClick={[Function]}
>
  <div
    style={
      Object {
        "backgroundColor": "#00ed3f",
      }
    }
  />
  <div
    style={
      Object {
        "backgroundColor": "#00ed3f",
      }
    }
  />
  <div
    style={
      Object {
        "backgroundColor": "#00ed3f",
      }
    }
  />
  <div
    style={
      Object {
        "backgroundColor": "#00ed3f",
      }
    }
  />
  <div
    style={
      Object {
        "backgroundColor": "#00ed3f",
      }
    }
  />
</div>
`;
